// Jest Snapshot v1, https://goo.gl/fbAQLP

exports[`Pruebas del componente <GifExpertApp/> debe mostrar todos los elemntos de forma correcta 1`] = `
<div>
  <h3>
    Gif Expert App
  </h3>
  <form
    aria-label="form"
  >
    <input
      placeholder="Buscar Gifs"
      type="text"
      value=""
    />
  </form>
  <ol>
    <h3>
      One Punch
    </h3>
    <div
      class="card-grid"
    >
      <div
        class="card-item"
      >
        <img
          alt="Saitama"
          src="https://localhost/saitama.jpg"
        />
        <p>
          Saitama
        </p>
      </div>
      <div
        class="card-item"
      >
        <img
          alt="Goku"
          src="https://localhost/goku.jpg"
        />
        <p>
          Goku
        </p>
      </div>
    </div>
  </ol>
</div>
`;
