// Jest Snapshot v1, https://goo.gl/fbAQLP

exports[`Pruebas en el componente <GifItem /> debe de hacer match con el snapshot 1`] = `
<div>
  <div
    class="card-item"
  >
    <img
      alt="Saitama"
      src="https://one-punch.com/saitam.png"
    />
    <p>
      Saitama
    </p>
  </div>
</div>
`;
